13:01:36 **** Auto Build of configuration Debug for project hellworldlab1 ****
make all 
Building file: ../src/main.cc
Invoking: ARM g++ compiler
arm-xilinx-eabi-g++ -Wall -O0 -g3 -c -fmessage-length=0 -I../../hellworldlab1_bsp/ps7_cortexa9_0/include -MMD -MP -MF"src/main.d" -MT"src/main.d" -o "src/main.o" "../src/main.cc"
Finished building: ../src/main.cc
 
Building target: hellworldlab1.elf
Invoking: ARM g++ linker
arm-xilinx-eabi-g++ -Wl,-T -Wl,../src/lscript.ld -L../../hellworldlab1_bsp/ps7_cortexa9_0/lib -o "hellworldlab1.elf"  ./src/main.o   -Wl,--start-group,-lxil,-lgcc,-lc,-lstdc++,--end-group
Finished building target: hellworldlab1.elf
 
Invoking: ARM Print Size
arm-xilinx-eabi-size hellworldlab1.elf  |tee "hellworldlab1.elf.size"
   text	   data	    bss	    dec	    hex	filename
 467224	   2540	  38848	 508612	  7c2c4	hellworldlab1.elf
Finished building: hellworldlab1.elf.size
 

13:01:36 Build Finished (took 580ms)

